// Jest Snapshot v1, https://goo.gl/fbAQLP

exports[`overlay-terminal-false serve get initial error and subsequent error 1`] = `"[{\\"checkerId\\":\\"ESLint\\",\\"frame\\":\\"    1 | import { text } from './text'/n    2 |/n  > 3 | var hello = 'Hello'/n      | ^^^^^^^^^^^^^^^^^^^/n    4 |/n    5 | const rootDom = document.querySelector('#root')! as HTMLElement/n    6 | rootDom.innerHTML = hello + text\\",\\"id\\":\\"<PROJECT_ROOT>/temp/basic/src/main.ts\\",\\"level\\":1,\\"loc\\":{\\"column\\":1,\\"file\\":\\"<PROJECT_ROOT>/temp/basic/src/main.ts\\",\\"line\\":3},\\"message\\":\\"Unexpected var, use let or const instead.\\",\\"stack\\":\\"\\"},{\\"checkerId\\":\\"ESLint\\",\\"frame\\":\\"    3 | var hello = 'Hello'/n    4 |/n  > 5 | const rootDom = document.querySelector('#root')! as HTMLElement/n      |                 ^^^^^^^^^^^^^^^^^^^^^^^^^^^^^^^^/n    6 | rootDom.innerHTML = hello + text/n    7 |/n    8 | export {}\\",\\"id\\":\\"<PROJECT_ROOT>/temp/basic/src/main.ts\\",\\"level\\":0,\\"loc\\":{\\"column\\":17,\\"file\\":\\"<PROJECT_ROOT>/temp/basic/src/main.ts\\",\\"line\\":5},\\"message\\":\\"Forbidden non-null assertion.\\",\\"stack\\":\\"\\"}]"`;

exports[`overlay-terminal-false serve get initial error and subsequent error 2`] = `""`;
