// Vitest Snapshot v1, https://vitest.dev/guide/snapshot.html

exports[`config-initialIsOpen-error > serve > -- should find overlay with error -- 1`] = `"Unexpected var, use let or const instead. (no-var)"`;

exports[`config-initialIsOpen-error > serve > -- should find overlay with error -- 2`] = `"<PROJECT_ROOT>/playground-temp/config-initialIsOpen-error/src/main.ts:3:1"`;

exports[`config-initialIsOpen-error > serve > -- should find overlay with error -- 3`] = `
"    1 | import { text } from './text'
    2 |
  > 3 | var hello = 'Hello'
      | ^^^^^^^^^^^^^^^^^^^
    4 |
    5 | const rootDom = document.querySelector('#root')! as HTMLElement
    6 | rootDom.innerHTML = hello + text"
`;

exports[`config-initialIsOpen-error > serve > -- should find overlay with error -- 4`] = `""`;
