// Vitest Snapshot v1

exports[`vue-tsc-vue3 > serve > get initial error and subsequent error 1`] = `"[{\\"checkerId\\":\\"vue-tsc\\",\\"frame\\":\\"    1 | <template>/n    2 |   <img alt=/\\"Vue logo/\\" src=/\\"./assets/logo.png/\\" />/n  > 3 |   <HelloWorld msg1=/\\"Diana/\\" />/n      |    ^^^^^^^^^^/n    4 | </template>/n    5 |/n    6 | <script lang=/\\"ts/\\">\\",\\"id\\":\\"<PROJECT_ROOT>/playground-temp/vue-tsc-vue3-ts-4/src/App.vue\\",\\"level\\":1,\\"loc\\":{\\"column\\":4,\\"file\\":\\"<PROJECT_ROOT>/playground-temp/vue-tsc-vue3-ts-4/src/App.vue\\",\\"line\\":3},\\"message\\":\\"Argument of type '{ msg1: string; }' is not assignable to parameter of type 'Partial<{}> & Omit<Readonly<ExtractPropTypes<{ msg: { type: StringConstructor; required: true; }; }>> & VNodeProps & AllowedComponentProps & ComponentCustomProps, never> & Record<...>'./n  Property 'msg' is missing in type '{ msg1: string; }' but required in type 'Omit<Readonly<ExtractPropTypes<{ msg: { type: StringConstructor; required: true; }; }>> & VNodeProps & AllowedComponentProps & ComponentCustomProps, never>'.\\",\\"stack\\":\\"\\"}]"`;

exports[`vue-tsc-vue3 > serve > get initial error and subsequent error 2`] = `
"
 ERROR(vue-tsc)  Argument of type '{ msg1: string; }' is not assignable to parameter of type 'Partial<{}> & Omit<Readonly<ExtractPropTypes<{ msg: { type: StringConstructor; required: true; }; }>> & VNodeProps & AllowedComponentProps & ComponentCustomProps, never> & Record<...>'.
  Property 'msg' is missing in type '{ msg1: string; }' but required in type 'Omit<Readonly<ExtractPropTypes<{ msg: { type: StringConstructor; required: true; }; }>> & VNodeProps & AllowedComponentProps & ComponentCustomProps, never>'.
 FILE  <PROJECT_ROOT>/playground-temp/vue-tsc-vue3-ts-4/src/App.vue:3:4

    1 | <template>
    2 |   <img alt=\\"Vue logo\\" src=\\"./assets/logo.png\\" />
  > 3 |   <HelloWorld msg1=\\"Diana\\" />
      |    ^^^^^^^^^^
    4 | </template>
    5 |
    6 | <script lang=\\"ts\\">

[vue-tsc] Found 1 error. Watching for file changes."
`;

exports[`vue-tsc-vue3 > serve > get initial error and subsequent error 3`] = `"[{\\"checkerId\\":\\"vue-tsc\\",\\"frame\\":\\"    1 | <template>/n    2 |   <img alt=/\\"Vue logo/\\" src=/\\"./assets/logo.png/\\" />/n  > 3 |   <HelloWorld msg2=/\\"Diana/\\" />/n      |    ^^^^^^^^^^/n    4 | </template>/n    5 |/n    6 | <script lang=/\\"ts/\\">\\",\\"id\\":\\"<PROJECT_ROOT>/playground-temp/vue-tsc-vue3-ts-4/src/App.vue\\",\\"level\\":1,\\"loc\\":{\\"column\\":4,\\"file\\":\\"<PROJECT_ROOT>/playground-temp/vue-tsc-vue3-ts-4/src/App.vue\\",\\"line\\":3},\\"message\\":\\"Argument of type '{ msg2: string; }' is not assignable to parameter of type 'Partial<{}> & Omit<Readonly<ExtractPropTypes<{ msg: { type: StringConstructor; required: true; }; }>> & VNodeProps & AllowedComponentProps & ComponentCustomProps, never> & Record<...>'./n  Property 'msg' is missing in type '{ msg2: string; }' but required in type 'Omit<Readonly<ExtractPropTypes<{ msg: { type: StringConstructor; required: true; }; }>> & VNodeProps & AllowedComponentProps & ComponentCustomProps, never>'.\\",\\"stack\\":\\"\\"}]"`;

exports[`vue-tsc-vue3 > serve > get initial error and subsequent error 4`] = `
"
 ERROR(vue-tsc)  Argument of type '{ msg2: string; }' is not assignable to parameter of type 'Partial<{}> & Omit<Readonly<ExtractPropTypes<{ msg: { type: StringConstructor; required: true; }; }>> & VNodeProps & AllowedComponentProps & ComponentCustomProps, never> & Record<...>'.
  Property 'msg' is missing in type '{ msg2: string; }' but required in type 'Omit<Readonly<ExtractPropTypes<{ msg: { type: StringConstructor; required: true; }; }>> & VNodeProps & AllowedComponentProps & ComponentCustomProps, never>'.
 FILE  <PROJECT_ROOT>/playground-temp/vue-tsc-vue3-ts-4/src/App.vue:3:4

    1 | <template>
    2 |   <img alt=\\"Vue logo\\" src=\\"./assets/logo.png\\" />
  > 3 |   <HelloWorld msg2=\\"Diana\\" />
      |    ^^^^^^^^^^
    4 | </template>
    5 |
    6 | <script lang=\\"ts\\">

[vue-tsc] Found 1 error. Watching for file changes.
 ERROR(vue-tsc)  Argument of type '{ msg2: string; }' is not assignable to parameter of type 'Partial<{}> & Omit<Readonly<ExtractPropTypes<{ msg: { type: StringConstructor; required: true; }; }>> & VNodeProps & AllowedComponentProps & ComponentCustomProps, never> & Record<...>'.
  Property 'msg' is missing in type '{ msg2: string; }' but required in type 'Omit<Readonly<ExtractPropTypes<{ msg: { type: StringConstructor; required: true; }; }>> & VNodeProps & AllowedComponentProps & ComponentCustomProps, never>'.
 FILE  <PROJECT_ROOT>/playground-temp/vue-tsc-vue3-ts-4/src/App.vue:3:4

    1 | <template>
    2 |   <img alt=\\"Vue logo\\" src=\\"./assets/logo.png\\" />
  > 3 |   <HelloWorld msg2=\\"Diana\\" />
      |    ^^^^^^^^^^
    4 | </template>
    5 |
    6 | <script lang=\\"ts\\">

[vue-tsc] Found 1 error. Watching for file changes."
`;
