// Vitest Snapshot v1, https://vitest.dev/guide/snapshot.html

exports[`eslint-config-log-level > serve > should only emit warning logs 1`] = `"[{"checkerId":"ESLint","frame":"    3 | var hello = 'Hello'/n    4 |/n  > 5 | const rootDom = document.querySelector('#root')!/n      |                 ^^^^^^^^^^^^^^^^^^^^^^^^^^^^^^^^/n    6 | rootDom.innerHTML = hello + text/n    7 |/n    8 | export {}","id":"<PROJECT_ROOT>/playground-temp/eslint-config-log-level/src/main.ts","level":0,"loc":{"column":17,"file":"<PROJECT_ROOT>/playground-temp/eslint-config-log-level/src/main.ts","line":5},"message":"Forbidden non-null assertion. (@typescript-eslint/no-non-null-assertion)","stack":""}]"`;

exports[`eslint-config-log-level > serve > should only emit warning logs 2`] = `
" WARNING(ESLint)  Forbidden non-null assertion. (@typescript-eslint/no-non-null-assertion)
 FILE  <PROJECT_ROOT>/playground-temp/eslint-config-log-level/src/main.ts:5:17

    3 | var hello = 'Hello'
    4 |
  > 5 | const rootDom = document.querySelector('#root')!
      |                 ^^^^^^^^^^^^^^^^^^^^^^^^^^^^^^^^
    6 | rootDom.innerHTML = hello + text
    7 |
    8 | export {}
[ESLint] Found 0 error and 1 warning"
`;

exports[`eslint-config-log-level > serve > should only emit warning logs 3`] = `"[{"checkerId":"ESLint","frame":"    3 | var hello = 'Hello'/n    4 |/n  > 5 | const rootDom = document.querySelector('#root')!/n      |                 ^^^^^^^^^^^^^^^^^^^^^^^^^^^^^^^^/n    6 | rootDom.innerHTML = hello + text/n    7 |/n    8 | export {}","id":"<PROJECT_ROOT>/playground-temp/eslint-config-log-level/src/main.ts","level":0,"loc":{"column":17,"file":"<PROJECT_ROOT>/playground-temp/eslint-config-log-level/src/main.ts","line":5},"message":"Forbidden non-null assertion. (@typescript-eslint/no-non-null-assertion)","stack":""},{"checkerId":"ESLint","frame":"    3 | var hello = 'Hello~'/n    4 |/n  > 5 | const rootDom = document.querySelector('#root')!/n      |                 ^^^^^^^^^^^^^^^^^^^^^^^^^^^^^^^^/n    6 | rootDom.innerHTML = hello + text/n    7 |/n    8 | export {}","id":"<PROJECT_ROOT>/playground-temp/eslint-config-log-level/src/main.ts","level":0,"loc":{"column":17,"file":"<PROJECT_ROOT>/playground-temp/eslint-config-log-level/src/main.ts","line":5},"message":"Forbidden non-null assertion. (@typescript-eslint/no-non-null-assertion)","stack":""}]"`;

exports[`eslint-config-log-level > serve > should only emit warning logs 4`] = `
" WARNING(ESLint)  Forbidden non-null assertion. (@typescript-eslint/no-non-null-assertion)
 FILE  <PROJECT_ROOT>/playground-temp/eslint-config-log-level/src/main.ts:5:17

    3 | var hello = 'Hello~'
    4 |
  > 5 | const rootDom = document.querySelector('#root')!
      |                 ^^^^^^^^^^^^^^^^^^^^^^^^^^^^^^^^
    6 | rootDom.innerHTML = hello + text
    7 |
    8 | export {}
[ESLint] Found 0 error and 1 warning"
`;
